[lambda-lora] fold=0 epochs=1 model=facebook/esm2_t12_35M_UR50D preset=oxygen
[lambda-lora] device=NVIDIA A100-SXM4-40GB
[lambda-lora] target_weights={'temp': 0.0, 'ph': 0.0, 'salt': 0.0, 'oxy': 1.0}
[lora] device = cuda
[lora] loaded 40,469 records with sequences + labels
[lora] fold 0: 32,375 train / 8,094 val
2026-05-17 10:35:49.175226: E external/local_xla/xla/stream_executor/cuda/cuda_fft.cc:467] Unable to register cuFFT factory: Attempting to register factory for plugin cuFFT when one has already been registered
WARNING: All log messages before absl::InitializeLog() is called are written to STDERR
E0000 00:00:1779014149.193921    3697 cuda_dnn.cc:8579] Unable to register cuDNN factory: Attempting to register factory for plugin cuDNN when one has already been registered
E0000 00:00:1779014149.200030    3697 cuda_blas.cc:1407] Unable to register cuBLAS factory: Attempting to register factory for plugin cuBLAS when one has already been registered
W0000 00:00:1779014149.218228    3697 computation_placer.cc:177] computation placer already registered. Please check linkage and avoid linking the same target more than once.
W0000 00:00:1779014149.218259    3697 computation_placer.cc:177] computation placer already registered. Please check linkage and avoid linking the same target more than once.
W0000 00:00:1779014149.218266    3697 computation_placer.cc:177] computation placer already registered. Please check linkage and avoid linking the same target more than once.
W0000 00:00:1779014149.218271    3697 computation_placer.cc:177] computation placer already registered. Please check linkage and avoid linking the same target more than once.
Some weights of EsmModel were not initialized from the model checkpoint at facebook/esm2_t12_35M_UR50D and are newly initialized: ['esm.pooler.dense.bias', 'esm.pooler.dense.weight']
You should probably TRAIN this model on a down-stream task to be able to use it for predictions and inference.
[lora] trainable params: 2,151,815 / total: 36,144,696 (5.95%)
  ep 1 step 50: loss=0.3476  lr_lora=4.95e-05
  ep 1 step 100: loss=0.2605  lr_lora=9.90e-05
  ep 1 step 150: loss=0.2177  lr_lora=9.98e-05
  ep 1 step 200: loss=0.1936  lr_lora=9.93e-05
  ep 1 step 250: loss=0.1740  lr_lora=9.85e-05
  ep 1 step 300: loss=0.1574  lr_lora=9.74e-05
  ep 1 step 350: loss=0.1420  lr_lora=9.59e-05
  ep 1 step 400: loss=0.1378  lr_lora=9.41e-05
  ep 1 step 450: loss=0.1294  lr_lora=9.21e-05
  ep 1 step 500: loss=0.1307  lr_lora=8.97e-05
  ep 1 step 550: loss=0.1256  lr_lora=8.71e-05
  ep 1 step 600: loss=0.1195  lr_lora=8.43e-05
  ep 1 step 650: loss=0.1169  lr_lora=8.12e-05
  ep 1 step 700: loss=0.1113  lr_lora=7.79e-05
  ep 1 step 750: loss=0.1076  lr_lora=7.44e-05
  ep 1 step 800: loss=0.1036  lr_lora=7.08e-05
  ep 1 step 850: loss=0.1003  lr_lora=6.70e-05
  ep 1 step 900: loss=0.0982  lr_lora=6.31e-05
  ep 1 step 950: loss=0.0990  lr_lora=5.91e-05
  ep 1 step 1000: loss=0.0966  lr_lora=5.51e-05
  ep 1 step 1050: loss=0.0965  lr_lora=5.10e-05
  ep 1 step 1100: loss=0.0955  lr_lora=4.69e-05
  ep 1 step 1150: loss=0.0954  lr_lora=4.28e-05
  ep 1 step 1200: loss=0.0942  lr_lora=3.88e-05
  ep 1 step 1250: loss=0.0939  lr_lora=3.49e-05
  ep 1 step 1300: loss=0.0928  lr_lora=3.10e-05
  ep 1 step 1350: loss=0.0911  lr_lora=2.73e-05
  ep 1 step 1400: loss=0.0895  lr_lora=2.38e-05
  ep 1 step 1450: loss=0.0890  lr_lora=2.04e-05
  ep 1 step 1500: loss=0.0887  lr_lora=1.72e-05
  ep 1 step 1550: loss=0.0869  lr_lora=1.42e-05
  ep 1 step 1600: loss=0.0861  lr_lora=1.15e-05
  ep 1 step 1650: loss=0.0856  lr_lora=9.01e-06
  ep 1 step 1700: loss=0.0848  lr_lora=6.81e-06
  ep 1 step 1750: loss=0.0842  lr_lora=4.90e-06
  ep 1 step 1800: loss=0.0840  lr_lora=3.28e-06
  ep 1 step 1850: loss=0.0832  lr_lora=1.99e-06
  ep 1 step 1900: loss=0.0821  lr_lora=1.01e-06
  ep 1 step 1950: loss=0.0818  lr_lora=3.56e-07
  ep 1 step 2000: loss=0.0805  lr_lora=3.53e-08
[lora] epoch 1 done in 19711s  val={'temp': {'mae': 32.25041580200195, 'n': 8062}, 'ph': {'mae': 7.046206951141357, 'n': 763}, 'salt': {'mae': 2.082266330718994, 'n': 446}, 'oxy': {'f1_macro': 0.916835889123625, 'n': 2214}}
[lora] wrote artifacts/lora/fold0_results.json
[lambda-lora] done best={'epoch': 1, 'val': {'temp': {'mae': 32.25041580200195, 'n': 8062}, 'ph': {'mae': 7.046206951141357, 'n': 763}, 'salt': {'mae': 2.082266330718994, 'n': 446}, 'oxy': {'f1_macro': 0.916835889123625, 'n': 2214}}, 'score': 40.46205319473868}
