[lambda-lora] fold=0 epochs=1 model=facebook/esm2_t12_35M_UR50D preset=all
[lambda-lora] device=NVIDIA A100-SXM4-40GB
[lambda-lora] target_weights={'temp': 1.0, 'ph': 1.0, 'salt': 1.0, 'oxy': 1.0}
[lambda-lora] oxy_class_weights=(1.0, 1.5, 1.0, 1.0)
[lora] device = cuda
[lora] loaded 40,469 records with sequences + labels
[lora] fold 0: 32,375 train / 8,094 val
/home/ubuntu/.cache/uv/archive-v0/hIOP0T7h41YWWs-w/lib/python3.11/site-packages/transformers/tokenization_utils_base.py:1601: FutureWarning: `clean_up_tokenization_spaces` was not set. It will be set to `True` by default. This behavior will be depracted in transformers v4.45, and will be then set to `False` by default. For more details check this issue: https://github.com/huggingface/transformers/issues/31884
  warnings.warn(
Some weights of EsmModel were not initialized from the model checkpoint at facebook/esm2_t12_35M_UR50D and are newly initialized: ['esm.pooler.dense.bias', 'esm.pooler.dense.weight']
You should probably TRAIN this model on a down-stream task to be able to use it for predictions and inference.
[lora] trainable params: 2,151,815 / total: 36,144,696 (5.95%)
/home/ubuntu/.cache/uv/archive-v0/hIOP0T7h41YWWs-w/lib/python3.11/site-packages/torch/utils/checkpoint.py:295: FutureWarning: `torch.cpu.amp.autocast(args...)` is deprecated. Please use `torch.amp.autocast('cpu', args...)` instead.
  with torch.enable_grad(), device_autocast_ctx, torch.cpu.amp.autocast(**ctx.cpu_autocast_kwargs):  # type: ignore[attr-defined]
  ep 1 step 50: loss=886.9809  lr_lora=4.95e-05
  ep 1 step 100: loss=554.1884  lr_lora=9.90e-05
  ep 1 step 150: loss=380.8741  lr_lora=9.98e-05
  ep 1 step 200: loss=296.4814  lr_lora=9.93e-05
  ep 1 step 250: loss=244.2839  lr_lora=9.85e-05
  ep 1 step 300: loss=207.9945  lr_lora=9.74e-05
  ep 1 step 350: loss=183.1828  lr_lora=9.59e-05
  ep 1 step 400: loss=164.5015  lr_lora=9.41e-05
  ep 1 step 450: loss=149.3741  lr_lora=9.21e-05
  ep 1 step 500: loss=137.3078  lr_lora=8.97e-05
  ep 1 step 550: loss=127.1643  lr_lora=8.71e-05
  ep 1 step 600: loss=118.7969  lr_lora=8.43e-05
  ep 1 step 650: loss=111.4764  lr_lora=8.12e-05
  ep 1 step 700: loss=105.4436  lr_lora=7.79e-05
  ep 1 step 750: loss=100.0075  lr_lora=7.44e-05
  ep 1 step 800: loss=95.2808  lr_lora=7.08e-05
  ep 1 step 850: loss=91.1569  lr_lora=6.70e-05
  ep 1 step 900: loss=87.3118  lr_lora=6.31e-05
  ep 1 step 950: loss=83.6892  lr_lora=5.91e-05
  ep 1 step 1000: loss=80.7049  lr_lora=5.51e-05
  ep 1 step 1050: loss=77.8812  lr_lora=5.10e-05
  ep 1 step 1100: loss=75.2743  lr_lora=4.69e-05
  ep 1 step 1150: loss=73.0166  lr_lora=4.28e-05
  ep 1 step 1200: loss=70.9040  lr_lora=3.88e-05
  ep 1 step 1250: loss=68.9807  lr_lora=3.49e-05
  ep 1 step 1300: loss=67.0975  lr_lora=3.10e-05
  ep 1 step 1350: loss=66.9951  lr_lora=2.73e-05
  ep 1 step 1400: loss=65.1894  lr_lora=2.38e-05
  ep 1 step 1450: loss=63.6373  lr_lora=2.04e-05
  ep 1 step 1500: loss=62.0934  lr_lora=1.72e-05
  ep 1 step 1550: loss=60.6855  lr_lora=1.42e-05
  ep 1 step 1600: loss=59.3990  lr_lora=1.15e-05
  ep 1 step 1650: loss=58.3970  lr_lora=9.01e-06
  ep 1 step 1700: loss=57.2419  lr_lora=6.81e-06
  ep 1 step 1750: loss=56.1781  lr_lora=4.90e-06
  ep 1 step 1800: loss=55.1134  lr_lora=3.28e-06
  ep 1 step 1850: loss=54.1673  lr_lora=1.99e-06
  ep 1 step 1900: loss=53.2661  lr_lora=1.01e-06
  ep 1 step 1950: loss=52.4271  lr_lora=3.56e-07
  ep 1 step 2000: loss=51.6784  lr_lora=3.53e-08
[lora] epoch 1 done in 19573s  val={'temp': {'mae': 3.659961462020874, 'n': 8066}, 'ph': {'mae': 0.564297616481781, 'n': 705}, 'salt': {'mae': 1.7560514211654663, 'n': 424}, 'oxy': {'f1_macro': 0.9447762839519784, 'n': 2266}}
[lora] wrote artifacts/lora_weighted_anaerobe/fold0_results.json
[lambda-lora] done best={'epoch': 1, 'val': {'temp': {'mae': 3.659961462020874, 'n': 8066}, 'ph': {'mae': 0.564297616481781, 'n': 705}, 'salt': {'mae': 1.7560514211654663, 'n': 424}, 'oxy': {'f1_macro': 0.9447762839519784, 'n': 2266}}, 'score': 5.035534215716143}
