✓ Initialized. View run at 
https://modal.com/apps/miyu-wannaone-horiuchi/main/ap-9cMuz0t3SvGbABiswTUf1i
Building image im-0WStzS4903kICkIzhj6o3g

=> Step 0: FROM base

=> Step 1: COPY . /
Saving image...
Image saved, took 6.04s

Built image im-0WStzS4903kICkIzhj6o3g in 64.55s


Building image im-NdLGz3gVSHqOqDW9uEkE6S

=> Step 0: FROM base

=> Step 1: COPY . /
Saving image...
Image saved, took 1.27s

Built image im-NdLGz3gVSHqOqDW9uEkE6S in 2.77s


Building image im-7eAtiwQQ8BXwj3bXS3azON

=> Step 0: FROM base

=> Step 1: COPY . /
Saving image...
Image saved, took 1.21s

Built image im-7eAtiwQQ8BXwj3bXS3azON in 2.92s


✓ Created objects.
├── 🔨 Created mount 
│   /Users/miyuhoriuchi/microbe-model/scripts/modal_train_lora.py
├── 🔨 Created mount PythonPackage:microbe_model
├── 🔨 Created mount data/marker_sequences.jsonl
├── 🔨 Created mount data/bacdive_phenotypes.parquet
├── 🔨 Created mount data/strain_catalog.parquet
└── 🔨 Created function train.
[modal-lora] fold=0 epochs=1 model=facebook/esm2_t12_35M_UR50D smoke=True
[smoke] truncated to 200 sequences
[lora] device = cuda
[lora] loaded 200 records with sequences + labels
[lora] fold 0: 28 train / 172 val
Warning: You are sending unauthenticated requests to the HF Hub. Please set a HF_TOKEN to enable higher rate limits and faster downloads.

[1ALoading weights:   0%|          | 0/198 [00:00<?, ?it/s]
[1ALoading weights: 100%|██████████| 198/198 [00:00<00:00, 5756.73it/s]
[transformers] [1mEsmModel LOAD REPORT[0m from: facebook/esm2_t12_35M_UR50D
Key                       | Status     | 
--------------------------+------------+-
lm_head.dense.weight      | UNEXPECTED | 
lm_head.layer_norm.bias   | UNEXPECTED | 
lm_head.bias              | UNEXPECTED | 
lm_head.layer_norm.weight | UNEXPECTED | 
lm_head.dense.bias        | UNEXPECTED | 
pooler.dense.weight       | MISSING    | 
pooler.dense.bias         | MISSING    | 

Notes:
- UNEXPECTED:   can be ignored when loading from different task/architecture; not ok if you expect identical arch.
- MISSING:      those params were newly initialized because missing from the checkpoint. Consider training on your downstream task.
[lora] trainable params: 2,151,815 / total: 35,652,216 (6.04%)
Traceback (most recent call last):
  File "/pkg/modal/_runtime/container_io_manager.py", line 947, in handle_input_exception
    yield
  File "/pkg/modal/_container_entrypoint.py", line 172, in run_input_sync
    values = io_context.call_function_sync()
             ^^^^^^^^^^^^^^^^^^^^^^^^^^^^^^^
  File "/pkg/modal/_runtime/container_io_manager.py", line 225, in call_function_sync
    expected_value_or_values = self.finalized_function.callable(*args, **kwargs)
                               ^^^^^^^^^^^^^^^^^^^^^^^^^^^^^^^^^^^^^^^^^^^^^^^^^
  File "/root/modal_train_lora.py", line 88, in train
    results = train_lora(
              ^^^^^^^^^^^
  File "/root/microbe_model/train/lora_trainer.py", line 255, in train_lora
    preds = model(batch["genomes"], device=device)
            ^^^^^^^^^^^^^^^^^^^^^^^^^^^^^^^^^^^^^^
  File "/usr/local/lib/python3.11/site-packages/torch/nn/modules/module.py", line 1778, in _wrapped_call_impl
    return self._call_impl(*args, **kwargs)
           ^^^^^^^^^^^^^^^^^^^^^^^^^^^^^^^^
  File "/usr/local/lib/python3.11/site-packages/torch/nn/modules/module.py", line 1789, in _call_impl
    return forward_call(*args, **kwargs)
           ^^^^^^^^^^^^^^^^^^^^^^^^^^^^^
  File "/root/microbe_model/train/lora_model.py", line 126, in forward
    [self.encode_genome(g, device) for g in genomes],
    ^^^^^^^^^^^^^^^^^^^^^^^^^^^^^^^^^^^^^^^^^^^^^^^^
  File "/root/microbe_model/train/lora_model.py", line 126, in <listcomp>
    [self.encode_genome(g, device) for g in genomes],
     ^^^^^^^^^^^^^^^^^^^^^^^^^^^^^
  File "/root/microbe_model/train/lora_model.py", line 111, in encode_genome
    per_protein = self.encode_proteins(proteins, device)  # (n, D)
                  ^^^^^^^^^^^^^^^^^^^^^^^^^^^^^^^^^^^^^^
  File "/root/microbe_model/train/lora_model.py", line 99, in encode_proteins
    outputs = self.esm(**enc)
              ^^^^^^^^^^^^^^^
  File "/usr/local/lib/python3.11/site-packages/torch/nn/modules/module.py", line 1778, in _wrapped_call_impl
    return self._call_impl(*args, **kwargs)
           ^^^^^^^^^^^^^^^^^^^^^^^^^^^^^^^^
  File "/usr/local/lib/python3.11/site-packages/torch/nn/modules/module.py", line 1789, in _call_impl
    return forward_call(*args, **kwargs)
           ^^^^^^^^^^^^^^^^^^^^^^^^^^^^^
  File "/usr/local/lib/python3.11/site-packages/peft/peft_model.py", line 945, in forward
    return self.get_base_model()(*args, **kwargs)
           ^^^^^^^^^^^^^^^^^^^^^^^^^^^^^^^^^^^^^^
  File "/usr/local/lib/python3.11/site-packages/torch/nn/modules/module.py", line 1778, in _wrapped_call_impl
    return self._call_impl(*args, **kwargs)
           ^^^^^^^^^^^^^^^^^^^^^^^^^^^^^^^^
  File "/usr/local/lib/python3.11/site-packages/torch/nn/modules/module.py", line 1789, in _call_impl
    return forward_call(*args, **kwargs)
           ^^^^^^^^^^^^^^^^^^^^^^^^^^^^^
  File "/usr/local/lib/python3.11/site-packages/transformers/utils/generic.py", line 976, in wrapper
    output = func(self, *args, **kwargs)
             ^^^^^^^^^^^^^^^^^^^^^^^^^^^
  File "/usr/local/lib/python3.11/site-packages/transformers/utils/output_capturing.py", line 248, in wrapper
    outputs = func(self, *args, **kwargs)
              ^^^^^^^^^^^^^^^^^^^^^^^^^^^
  File "/usr/local/lib/python3.11/site-packages/transformers/models/esm/modeling_esm.py", line 754, in forward
    encoder_outputs = self.encoder(
                      ^^^^^^^^^^^^^
  File "/usr/local/lib/python3.11/site-packages/torch/nn/modules/module.py", line 1778, in _wrapped_call_impl
    return self._call_impl(*args, **kwargs)
           ^^^^^^^^^^^^^^^^^^^^^^^^^^^^^^^^
  File "/usr/local/lib/python3.11/site-packages/torch/nn/modules/module.py", line 1789, in _call_impl
    return forward_call(*args, **kwargs)
           ^^^^^^^^^^^^^^^^^^^^^^^^^^^^^
  File "/usr/local/lib/python3.11/site-packages/transformers/utils/generic.py", line 900, in wrapper
    output = func(self, *args, **kwargs)
             ^^^^^^^^^^^^^^^^^^^^^^^^^^^
  File "/usr/local/lib/python3.11/site-packages/transformers/models/esm/modeling_esm.py", line 556, in forward
    hidden_states = layer_module(
                    ^^^^^^^^^^^^^
  File "/usr/local/lib/python3.11/site-packages/transformers/modeling_layers.py", line 93, in __call__
    return super().__call__(*args, **kwargs)
           ^^^^^^^^^^^^^^^^^^^^^^^^^^^^^^^^^
  File "/usr/local/lib/python3.11/site-packages/torch/nn/modules/module.py", line 1778, in _wrapped_call_impl
    return self._call_impl(*args, **kwargs)
           ^^^^^^^^^^^^^^^^^^^^^^^^^^^^^^^^
  File "/usr/local/lib/python3.11/site-packages/torch/nn/modules/module.py", line 1789, in _call_impl
    return forward_call(*args, **kwargs)
           ^^^^^^^^^^^^^^^^^^^^^^^^^^^^^
  File "/usr/local/lib/python3.11/site-packages/transformers/models/esm/modeling_esm.py", line 527, in forward
    layer_output = self.feed_forward_chunk(attention_output)
                   ^^^^^^^^^^^^^^^^^^^^^^^^^^^^^^^^^^^^^^^^^
  File "/usr/local/lib/python3.11/site-packages/transformers/models/esm/modeling_esm.py", line 532, in feed_forward_chunk
    intermediate_output = self.intermediate(attention_output_ln)
                          ^^^^^^^^^^^^^^^^^^^^^^^^^^^^^^^^^^^^^^
  File "/usr/local/lib/python3.11/site-packages/torch/nn/modules/module.py", line 1778, in _wrapped_call_impl
    return self._call_impl(*args, **kwargs)
           ^^^^^^^^^^^^^^^^^^^^^^^^^^^^^^^^
  File "/usr/local/lib/python3.11/site-packages/torch/nn/modules/module.py", line 1789, in _call_impl
    return forward_call(*args, **kwargs)
           ^^^^^^^^^^^^^^^^^^^^^^^^^^^^^
  File "/usr/local/lib/python3.11/site-packages/transformers/models/esm/modeling_esm.py", line 462, in forward
    hidden_states = gelu(hidden_states)
                    ^^^^^^^^^^^^^^^^^^^
  File "/usr/local/lib/python3.11/site-packages/transformers/models/esm/modeling_esm.py", line 86, in gelu
    return x * 0.5 * (1.0 + torch.erf(x / math.sqrt(2.0)))
           ~~^~~~~
torch.OutOfMemoryError: CUDA out of memory. Tried to allocate 36.00 MiB. GPU 0 has a total capacity of 22.06 GiB of which 3.44 MiB is free. Process 1 has 22.05 GiB memory in use. Of the allocated memory 21.19 GiB is allocated by PyTorch, and 593.32 MiB is reserved by PyTorch but unallocated. If reserved but unallocated memory is large try setting PYTORCH_CUDA_ALLOC_CONF=expandable_segments:True to avoid fragmentation.  See documentation for Memory Management  (https://docs.pytorch.org/docs/stable/notes/cuda.html#optimizing-memory-usage-with-pytorch-cuda-alloc-conf)
Stopping app - uncaught exception raised locally: OutOfMemoryError('CUDA out of memory. Tried to allocate 36.00 MiB. GPU 0 has a total capacity of 22.06 GiB of which 3.44 MiB is free. Process 1 has 22.05 GiB memory in use. Of the allocated memory 21.19 GiB is allocated by PyTorch, and 593.32 MiB is reserved by PyTorch but unallocated. If reserved but unallocated memory is large try setting PYTORCH_CUDA_ALLOC_CONF=expandable_segments:True to avoid fragmentation.  See documentation for Memory Management  (https://docs.pytorch.org/docs/stable/notes/cuda.html#optimizing-memory-usage-with-pytorch-cuda-alloc-conf)').
╭───────────────────── Traceback (most recent call last) ──────────────────────╮
│ /Users/miyuhoriuchi/microbe-model/scripts/modal_train_lora.py:124 in main    │
│                                                                              │
│   123 │                                                                      │
│ ❱ 124 │   payload = train.remote(                                            │
│   125 │   │   fold=fold,                                                     │
│                                                                              │
│ /Users/miyuhoriuchi/microbe-model/.venv/lib/python3.11/site-packages/modal/_ │
│ object.py:46 in wrapped                                                      │
│                                                                              │
│    45 │   │   await self.hydrate()                                           │
│ ❱  46 │   │   return await method(self, *args, **kwargs)                     │
│    47                                                                        │
│                                                                              │
│ /Users/miyuhoriuchi/microbe-model/.venv/lib/python3.11/site-packages/modal/_ │
│ functions.py:1699 in remote                                                  │
│                                                                              │
│   1698 │   │                                                                 │
│ ❱ 1699 │   │   return await self._call_function(args, kwargs)                │
│   1700                                                                       │
│                                                                              │
│ /Users/miyuhoriuchi/microbe-model/.venv/lib/python3.11/site-packages/modal/_ │
│ functions.py:1643 in _call_function                                          │
│                                                                              │
│   1642 │   │                                                                 │
│ ❱ 1643 │   │   return await invocation.run_function()                        │
│   1644                                                                       │
│                                                                              │
│ /Users/miyuhoriuchi/microbe-model/.venv/lib/python3.11/site-packages/modal/_ │
│ functions.py:291 in run_function                                             │
│                                                                              │
│    290 │   │   │   item = await self._get_single_output()                    │
│ ❱  291 │   │   │   return await _process_result(item.result, item.data_forma │
│    292                                                                       │
│                                                                              │
│ /Users/miyuhoriuchi/microbe-model/.venv/lib/python3.11/site-packages/modal/_ │
│ utils/function_utils.py:527 in _process_result                               │
│                                                                              │
│   526 │   │   │                                                              │
│ ❱ 527 │   │   │   raise exc_with_hints(exc)                                  │
│   528                                                                        │
│                                                                              │
│     ...Remote call to Modal Function (ta-01KRNVDM93QPX3HT2JT4Q0WHCY)...      │
│                                                                              │
│ /root/modal_train_lora.py:88 in train                                        │
│                                                                              │
│ ❱ 88 results = train_lora(                                                   │
│                                                                              │
│                                                                              │
│ /root/microbe_model/train/lora_trainer.py:255 in train_lora                  │
│                                                                              │
│ ❱ 255 preds = model(batch["genomes"], device=device)                         │
│                                                                              │
│                                                                              │
│ /usr/local/lib/python3.11/site-packages/torch/nn/modules/module.py:1778 in   │
│ _wrapped_call_impl                                                           │
│                                                                              │
│ ❱ 1778 return self._call_impl(*args, **kwargs)                               │
│                                                                              │
│                                                                              │
│ /usr/local/lib/python3.11/site-packages/torch/nn/modules/module.py:1789 in   │
│ _call_impl                                                                   │
│                                                                              │
│ ❱ 1789 return forward_call(*args, **kwargs)                                  │
│                                                                              │
│                                                                              │
│ /root/microbe_model/train/lora_model.py:126 in forward                       │
│                                                                              │
│ ❱ 126 [self.encode_genome(g, device) for g in genomes],                      │
│                                                                              │
│                                                                              │
│ /root/microbe_model/train/lora_model.py:126 in <listcomp>                    │
│                                                                              │
│ ❱ 126 [self.encode_genome(g, device) for g in genomes],                      │
│                                                                              │
│                                                                              │
│ /root/microbe_model/train/lora_model.py:111 in encode_genome                 │
│                                                                              │
│ ❱ 111 per_protein = self.encode_proteins(proteins, device)  # (n, D)         │
│                                                                              │
│                                                                              │
│ /root/microbe_model/train/lora_model.py:99 in encode_proteins                │
│                                                                              │
│ ❱ 99 outputs = self.esm(**enc)                                               │
│                                                                              │
│                                                                              │
│ /usr/local/lib/python3.11/site-packages/torch/nn/modules/module.py:1778 in   │
│ _wrapped_call_impl                                                           │
│                                                                              │
│ ❱ 1778 return self._call_impl(*args, **kwargs)                               │
│                                                                              │
│                                                                              │
│ /usr/local/lib/python3.11/site-packages/torch/nn/modules/module.py:1789 in   │
│ _call_impl                                                                   │
│                                                                              │
│ ❱ 1789 return forward_call(*args, **kwargs)                                  │
│                                                                              │
│                                                                              │
│ /usr/local/lib/python3.11/site-packages/peft/peft_model.py:945 in forward    │
│                                                                              │
│ ❱ 945 return self.get_base_model()(*args, **kwargs)                          │
│                                                                              │
│                                                                              │
│ /usr/local/lib/python3.11/site-packages/torch/nn/modules/module.py:1778 in   │
│ _wrapped_call_impl                                                           │
│                                                                              │
│ ❱ 1778 return self._call_impl(*args, **kwargs)                               │
│                                                                              │
│                                                                              │
│ /usr/local/lib/python3.11/site-packages/torch/nn/modules/module.py:1789 in   │
│ _call_impl                                                                   │
│                                                                              │
│ ❱ 1789 return forward_call(*args, **kwargs)                                  │
│                                                                              │
│                                                                              │
│ /usr/local/lib/python3.11/site-packages/transformers/utils/generic.py:976 in │
│ wrapper                                                                      │
│                                                                              │
│ ❱ 976 output = func(self, *args, **kwargs)                                   │
│                                                                              │
│                                                                              │
│ /usr/local/lib/python3.11/site-packages/transformers/utils/output_capturing. │
│ py:248 in wrapper                                                            │
│                                                                              │
│ ❱ 248 outputs = func(self, *args, **kwargs)                                  │
│                                                                              │
│                                                                              │
│ /usr/local/lib/python3.11/site-packages/transformers/models/esm/modeling_esm │
│ .py:754 in forward                                                           │
│                                                                              │
│ ❱ 754 encoder_outputs = self.encoder(                                        │
│                                                                              │
│                                                                              │
│ /usr/local/lib/python3.11/site-packages/torch/nn/modules/module.py:1778 in   │
│ _wrapped_call_impl                                                           │
│                                                                              │
│ ❱ 1778 return self._call_impl(*args, **kwargs)                               │
│                                                                              │
│                                                                              │
│ /usr/local/lib/python3.11/site-packages/torch/nn/modules/module.py:1789 in   │
│ _call_impl                                                                   │
│                                                                              │
│ ❱ 1789 return forward_call(*args, **kwargs)                                  │
│                                                                              │
│                                                                              │
│ /usr/local/lib/python3.11/site-packages/transformers/utils/generic.py:900 in │
│ wrapper                                                                      │
│                                                                              │
│ ❱ 900 output = func(self, *args, **kwargs)                                   │
│                                                                              │
│                                                                              │
│ /usr/local/lib/python3.11/site-packages/transformers/models/esm/modeling_esm │
│ .py:556 in forward                                                           │
│                                                                              │
│ ❱ 556 hidden_states = layer_module(                                          │
│                                                                              │
│                                                                              │
│ /usr/local/lib/python3.11/site-packages/transformers/modeling_layers.py:93   │
│ in __call__                                                                  │
│                                                                              │
│ ❱ 93 return super().__call__(*args, **kwargs)                                │
│                                                                              │
│                                                                              │
│ /usr/local/lib/python3.11/site-packages/torch/nn/modules/module.py:1778 in   │
│ _wrapped_call_impl                                                           │
│                                                                              │
│ ❱ 1778 return self._call_impl(*args, **kwargs)                               │
│                                                                              │
│                                                                              │
│ /usr/local/lib/python3.11/site-packages/torch/nn/modules/module.py:1789 in   │
│ _call_impl                                                                   │
│                                                                              │
│ ❱ 1789 return forward_call(*args, **kwargs)                                  │
│                                                                              │
│                                                                              │
│ /usr/local/lib/python3.11/site-packages/transformers/models/esm/modeling_esm │
│ .py:527 in forward                                                           │
│                                                                              │
│ ❱ 527 layer_output = self.feed_forward_chunk(attention_output)               │
│                                                                              │
│                                                                              │
│ /usr/local/lib/python3.11/site-packages/transformers/models/esm/modeling_esm │
│ .py:532 in feed_forward_chunk                                                │
│                                                                              │
│ ❱ 532 intermediate_output = self.intermediate(attention_output_ln)           │
│                                                                              │
│                                                                              │
│ /usr/local/lib/python3.11/site-packages/torch/nn/modules/module.py:1778 in   │
│ _wrapped_call_impl                                                           │
│                                                                              │
│ ❱ 1778 return self._call_impl(*args, **kwargs)                               │
│                                                                              │
│                                                                              │
│ /usr/local/lib/python3.11/site-packages/torch/nn/modules/module.py:1789 in   │
│ _call_impl                                                                   │
│                                                                              │
│ ❱ 1789 return forward_call(*args, **kwargs)                                  │
│                                                                              │
│                                                                              │
│ /usr/local/lib/python3.11/site-packages/transformers/models/esm/modeling_esm │
│ .py:462 in forward                                                           │
│                                                                              │
│ ❱ 462 hidden_states = gelu(hidden_states)                                    │
│                                                                              │
│                                                                              │
│ /usr/local/lib/python3.11/site-packages/transformers/models/esm/modeling_esm │
│ .py:86 in gelu                                                               │
│                                                                              │
│ ❱ 86 return x * 0.5 * (1.0 + torch.erf(x / math.sqrt(2.0)))                  │
│                                                                              │
╰──────────────────────────────────────────────────────────────────────────────╯
OutOfMemoryError: CUDA out of memory. Tried to allocate 36.00 MiB. GPU 0 has a 
total capacity of 22.06 GiB of which 3.44 MiB is free. Process 1 has 22.05 GiB 
memory in use. Of the allocated memory 21.19 GiB is allocated by PyTorch, and 
593.32 MiB is reserved by PyTorch but unallocated. If reserved but unallocated 
memory is large try setting PYTORCH_CUDA_ALLOC_CONF=expandable_segments:True to 
avoid fragmentation.  See documentation for Memory Management  
(https://docs.pytorch.org/docs/stable/notes/cuda.html#optimizing-memory-usage-wi
th-pytorch-cuda-alloc-conf)
